// Jest Snapshot v1, https://goo.gl/fbAQLP

exports[`App renders snapshot for App component 1`] = `
<div
  className="sc-dlnjwi hshwYD container"
>
  <h1
    className="sc-hKFxyN ilRkNd"
  >
    My Hacker Stories with 
    0
     comments.
  </h1>
  <form
    className="search-form"
    onSubmit={[Function]}
  >
    <label
      htmlFor="search"
    >
      <strong>
        Search:
      </strong>
    </label>
    Â 
    <input
      className="joker"
      id="search"
      onChange={[Function]}
      type="text"
      value="React"
    />
    <button
      className="button buttonLarge"
      disabled={false}
      type="submit"
    >
      Submit
    </button>
  </form>
  <div>
    <div
      style={
        Object {
          "display": "flex",
        }
      }
    >
      <span
        onClick={[Function]}
        style={
          Object {
            "width": "40%",
          }
        }
        type="button"
      >
        <button
          style={
            Object {
              "backgroundColor": "white",
            }
          }
        >
          Title
        </button>
      </span>
      <span
        onClick={[Function]}
        style={
          Object {
            "width": "30%",
          }
        }
        type="button"
      >
        <button
          style={
            Object {
              "backgroundColor": "white",
            }
          }
        >
          Author
        </button>
      </span>
      <span
        onClick={[Function]}
        style={
          Object {
            "width": "10%",
          }
        }
        type="button"
      >
        <button
          style={
            Object {
              "backgroundColor": "white",
            }
          }
        >
          Comments
        </button>
      </span>
      <span
        onClick={[Function]}
        style={
          Object {
            "width": "10%",
          }
        }
        type="button"
      >
        <button
          style={
            Object {
              "backgroundColor": "white",
            }
          }
        >
          Points
        </button>
      </span>
      <span
        style={
          Object {
            "width": "10%",
          }
        }
      >
        Actions
      </span>
    </div>
  </div>
  <hr />
</div>
`;
